SALA101-1@301-04 MINGW64 ~
$ git --version
git version 2.42.0.windows.2

SALA101-1@301-04 MINGW64 ~
$ git init
Initialized empty Git repository in C:/Users/SALA101-1/.git/

SALA101-1@301-04 MINGW64 ~ (master)
$ git config --global user.mail "maridiostq2@gmail.com"

SALA101-1@301-04 MINGW64 ~ (master)
$ git config --global -e

SALA101-1@301-04 MINGW64 ~ (master)
$ git config -- global user.name "YokoMari"
error: key does not contain a section: global

SALA101-1@301-04 MINGW64 ~ (master)
$ git config --global user.name "YokoMari"

SALA101-1@301-04 MINGW64 ~ (master)
$ git config --global -e

SALA101-1@301-04 MINGW64 ~ (master)
$ cd "C:\Users\SALA101-1\Documents\GIT"

SALA101-1@301-04 MINGW64 ~/Documents/GIT (master)
$ git init
Initialized empty Git repository in C:/Users/SALA101-1/Documents/GIT/.git/

SALA101-1@301-04 MINGW64 ~/Documents/GIT (master)
$ git status
On branch master

No commits yet

Untracked files:
  (use "git add <file>..." to include in what will be committed)
        Prueba.txt.txt

nothing added to commit but untracked files present (use "git add" to track)

SALA101-1@301-04 MINGW64 ~/Documents/GIT (master)
$ git status
On branch master

No commits yet

Untracked files:
  (use "git add <file>..." to include in what will be committed)
        Prueba.txt

nothing added to commit but untracked files present (use "git add" to track)

SALA101-1@301-04 MINGW64 ~/Documents/GIT (master)
$ git add .

SALA101-1@301-04 MINGW64 ~/Documents/GIT (master)
$ git status
On branch master

No commits yet

Changes to be committed:
  (use "git rm --cached <file>..." to unstage)
        new file:   Prueba.txt


SALA101-1@301-04 MINGW64 ~/Documents/GIT (master)
$ git commit -m "Primerita version"
Author identity unknown

*** Please tell me who you are.

Run

  git config --global user.email "you@example.com"
  git config --global user.name "Your Name"

to set your account's default identity.
Omit --global to set the identity only in this repository.

fatal: unable to auto-detect email address (got 'SALA101-1@301-04.(none)')

SALA101-1@301-04 MINGW64 ~/Documents/GIT (master)
$ git config --global -e

SALA101-1@301-04 MINGW64 ~/Documents/GIT (master)
$ git commit -m "primera version"
Author identity unknown

*** Please tell me who you are.

Run

  git config --global user.email "you@example.com"
  git config --global user.name "Your Name"

to set your account's default identity.
Omit --global to set the identity only in this repository.

fatal: unable to auto-detect email address (got 'SALA101-1@301-04.(none)')

SALA101-1@301-04 MINGW64 ~/Documents/GIT (master)
$ git config -e

SALA101-1@301-04 MINGW64 ~/Documents/GIT (master)
$ git config --global user.name "YokoMari"

SALA101-1@301-04 MINGW64 ~/Documents/GIT (master)
$ git config --global user.mail "maridiostq2@gmail.com"

SALA101-1@301-04 MINGW64 ~/Documents/GIT (master)
$ git config -e

SALA101-1@301-04 MINGW64 ~/Documents/GIT (master)
$ git init
Reinitialized existing Git repository in C:/Users/SALA101-1/Documents/GIT/.git/

SALA101-1@301-04 MINGW64 ~/Documents/GIT (master)
$ git status
On branch master

No commits yet

Changes to be committed:
  (use "git rm --cached <file>..." to unstage)
        new file:   Prueba.txt


SALA101-1@301-04 MINGW64 ~/Documents/GIT (master)
$ git commit -m "Primera Version"
Author identity unknown

*** Please tell me who you are.

Run

  git config --global user.email "you@example.com"
  git config --global user.name "Your Name"

to set your account's default identity.
Omit --global to set the identity only in this repository.

fatal: unable to auto-detect email address (got 'SALA101-1@301-04.(none)')

SALA101-1@301-04 MINGW64 ~/Documents/GIT (master)
$ git config -e

SALA101-1@301-04 MINGW64 ~/Documents/GIT (master)
$ git config user.name "YokoMari"

SALA101-1@301-04 MINGW64 ~/Documents/GIT (master)
$ git config user.mail "maridiostq2@gmail.com"

SALA101-1@301-04 MINGW64 ~/Documents/GIT (master)
$ git config -e

SALA101-1@301-04 MINGW64 ~/Documents/GIT (master)
$ git commit -m "Primera version"
Author identity unknown

*** Please tell me who you are.

Run

  git config --global user.email "you@example.com"
  git config --global user.name "Your Name"

to set your account's default identity.
Omit --global to set the identity only in this repository.

fatal: unable to auto-detect email address (got 'SALA101-1@301-04.(none)')

SALA101-1@301-04 MINGW64 ~/Documents/GIT (master)
$ ^C

SALA101-1@301-04 MINGW64 ~/Documents/GIT (master)
$ git config --global user.email "maridiostq2@gmail.com"

SALA101-1@301-04 MINGW64 ~/Documents/GIT (master)
$ ^C

SALA101-1@301-04 MINGW64 ~/Documents/GIT (master)
$  git config --global user.name "YokoMari"

SALA101-1@301-04 MINGW64 ~/Documents/GIT (master)
$ git status
On branch master

No commits yet

Changes to be committed:
  (use "git rm --cached <file>..." to unstage)
        new file:   Prueba.txt


SALA101-1@301-04 MINGW64 ~/Documents/GIT (master)
$ git commit -m "Primera version"
[master (root-commit) 18a19a5] Primera version
 1 file changed, 1 insertion(+)
 create mode 100644 Prueba.txt

SALA101-1@301-04 MINGW64 ~/Documents/GIT (master)
$ git checkout -- .

SALA101-1@301-04 MINGW64 ~/Documents/GIT (master)
$ git remote add Origen "https://github.com/YokoMari/Clase-Ing.-Software.git"

SALA101-1@301-04 MINGW64 ~/Documents/GIT (master)
$ git status
On branch master
Untracked files:
  (use "git add <file>..." to include in what will be committed)
        Index.txt

nothing added to commit but untracked files present (use "git add" to track)

SALA101-1@301-04 MINGW64 ~/Documents/GIT (master)
$ git add .

SALA101-1@301-04 MINGW64 ~/Documents/GIT (master)
$ git status
On branch master
Changes to be committed:
  (use "git restore --staged <file>..." to unstage)
        new file:   Index.txt


SALA101-1@301-04 MINGW64 ~/Documents/GIT (master)
$ git commit -m "Segunda Version"
[master 3433cc5] Segunda Version
 1 file changed, 3 insertions(+)
 create mode 100644 Index.txt

SALA101-1@301-04 MINGW64 ~/Documents/GIT (master)
$ git status
On branch master
nothing to commit, working tree clean

SALA101-1@301-04 MINGW64 ~/Documents/GIT (master)
$ git push -u origen master
fatal: 'origen' does not appear to be a git repository
fatal: Could not read from remote repository.

Please make sure you have the correct access rights
and the repository exists.

SALA101-1@301-04 MINGW64 ~/Documents/GIT (master)
$ git push -u origen master
fatal: 'origen' does not appear to be a git repository
fatal: Could not read from remote repository.

Please make sure you have the correct access rights
and the repository exists.

SALA101-1@301-04 MINGW64 ~/Documents/GIT (master)
$ git push -u Origen master
Enumerating objects: 6, done.
Counting objects: 100% (6/6), done.
Delta compression using up to 12 threads
Compressing objects: 100% (3/3), done.
Writing objects: 100% (6/6), 516 bytes | 172.00 KiB/s, done.
Total 6 (delta 0), reused 0 (delta 0), pack-reused 0
To https://github.com/YokoMari/Clase-Ing.-Software.git
 * [new branch]      master -> master
branch 'master' set up to track 'Origen/master'.

SALA101-1@301-04 MINGW64 ~/Documents/GIT (master)
$ git push -u Origen master
Everything up-to-date
branch 'master' set up to track 'Origen/master'.

SALA101-1@301-04 MINGW64 ~/Documents/GIT (master)
$ git pull Origen master
remote: Enumerating objects: 4, done.
remote: Counting objects: 100% (4/4), done.
remote: Compressing objects: 100% (2/2), done.
remote: Total 3 (delta 0), reused 0 (delta 0), pack-reused 0
Unpacking objects: 100% (3/3), 711 bytes | 1024 bytes/s, done.
From https://github.com/YokoMari/Clase-Ing.-Software
 * branch            master     -> FETCH_HEAD
   3433cc5..8d1bac0  master     -> Origen/master
Updating 3433cc5..8d1bac0
Fast-forward
 vaina1 | 1 +
 1 file changed, 1 insertion(+)
 create mode 100644 vaina1

SALA101-1@301-04 MINGW64 ~/Documents/GIT (master)
$ git branch
* master

SALA101-1@301-04 MINGW64 ~/Documents/GIT (master)
$ git branch ramaYM

SALA101-1@301-04 MINGW64 ~/Documents/GIT (master)
$ git branch
* master
  ramaYM

SALA101-1@301-04 MINGW64 ~/Documents/GIT (master)
$ git checkout ramaYM
Switched to branch 'ramaYM'

SALA101-1@301-04 MINGW64 ~/Documents/GIT (ramaYM)
$ git branch
  master
* ramaYM

SALA101-1@301-04 MINGW64 ~/Documents/GIT (ramaYM)
$ git checkout master
Switched to branch 'master'
Your branch is up to date with 'Origen/master'.

SALA101-1@301-04 MINGW64 ~/Documents/GIT (master)
$ git branch
* master
  ramaYM

SALA101-1@301-04 MINGW64 ~/Documents/GIT (master)
$ git branch -d ramaYM
Deleted branch ramaYM (was 8d1bac0).

SALA101-1@301-04 MINGW64 ~/Documents/GIT (master)
$ git branch
* master

SALA101-1@301-04 MINGW64 ~/Documents/GIT (master)
$ git branch ramaYM

SALA101-1@301-04 MINGW64 ~/Documents/GIT (master)
$ git brancj
git: 'brancj' is not a git command. See 'git --help'.

The most similar command is
        branch

SALA101-1@301-04 MINGW64 ~/Documents/GIT (master)
$ git branch
* master
  ramaYM

SALA101-1@301-04 MINGW64 ~/Documents/GIT (master)
$ git branch -m ramaYM ramaMY

SALA101-1@301-04 MINGW64 ~/Documents/GIT (master)
$ git branch
* master
  ramaMY

SALA101-1@301-04 MINGW64 ~/Documents/GIT (master)
$ git checkout ramaMY
Switched to branch 'ramaMY'

SALA101-1@301-04 MINGW64 ~/Documents/GIT (ramaMY)
$ git branch
  master
* ramaMY

SALA101-1@301-04 MINGW64 ~/Documents/GIT (ramaMY)
$ touch "Archivo3.txt"

SALA101-1@301-04 MINGW64 ~/Documents/GIT (ramaMY)
$ git add .

SALA101-1@301-04 MINGW64 ~/Documents/GIT (ramaMY)
$ git commit -m "Archivos nuevos"
[ramaMY d061a53] Archivos nuevos
 1 file changed, 0 insertions(+), 0 deletions(-)
 create mode 100644 Archivo3.txt

SALA101-1@301-04 MINGW64 ~/Documents/GIT (ramaMY)
$ git diff master ramaMY
diff --git a/Archivo3.txt b/Archivo3.txt
new file mode 100644
index 0000000..e69de29

SALA101-1@301-04 MINGW64 ~/Documents/GIT (ramaMY)
$ git diff ramaMY master
diff --git a/Archivo3.txt b/Archivo3.txt
deleted file mode 100644
index e69de29..0000000

SALA101-1@301-04 MINGW64 ~/Documents/GIT (ramaMY)
$ git checkout master
Switched to branch 'master'
Your branch is up to date with 'Origen/master'.

SALA101-1@301-04 MINGW64 ~/Documents/GIT (master)
$ git merge ramaMY master
Updating 8d1bac0..d061a53
Fast-forward
 Archivo3.txt | 0
 1 file changed, 0 insertions(+), 0 deletions(-)
 create mode 100644 Archivo3.txt

SALA101-1@301-04 MINGW64 ~/Documents/GIT (master)
$ git add .

SALA101-1@301-04 MINGW64 ~/Documents/GIT (master)
$ git commit -m "Final"
On branch master
Your branch is ahead of 'Origen/master' by 1 commit.
  (use "git push" to publish your local commits)

nothing to commit, working tree clean

SALA101-1@301-04 MINGW64 ~/Documents/GIT (master)
$ git status
On branch master
Your branch is ahead of 'Origen/master' by 1 commit.
  (use "git push" to publish your local commits)

nothing to commit, working tree clean

SALA101-1@301-04 MINGW64 ~/Documents/GIT (master)
$

